<html>
<body>
<pre>
<h1>礦ision Build Log</h1>
<h2>Project:</h2>
E:\百度云同步盘\Work\药盒子\Programs\MoterDriver_STM32\Project\Pro\template.uvproj
Project File Date:  11/07/2014

<h2>Output:</h2>
Build target 'template'
compiling stm32f10x_it.c...
compiling main.c...
..\..\User\inc\stm32_config.h(14): warning:  #1-D: last line of file ends without a newline
  #endif
..\..\User\src\main.c(76): warning:  #1-D: last line of file ends without a newline
                                                                
..\..\User\src\main.c: 2 warnings, 0 errors
compiling motion.c...
linking...
Program Size: Code=12548 RO-data=268 RW-data=48 ZI-data=1856  
FromELF: creating hex file...
"..\obj\template.axf" - 0 Error(s), 2 Warning(s).
Load "..\\obj\\template.axf" 
Erase Done.
Programming Done.
Verify OK.
Application running ...
</pre>
</body>
</html>
 file ends without a newline
  #endif
..\..\User\src\stm32_config.c: 1 warning, 0 errors
compiling stm32f10x_exti.c...
compiling misc.c...
compiling stm32f10x_gpio.c...
compiling stm32f10x_rcc.c...
compiling stm32f10x_usart.c...
compiling stm32f10x_tim.c...
assembling startup_stm32f10x_md.s...
compiling core_cm3.c...
compiling system_stm32f10x.c...
linking...
Program Size: Code=11900 RO-data=268 RW-data=44 ZI-data=1860  
FromELF: creating hex file...
"..\obj\template.axf" - 0 Error(s), 4 Warning(s).
Load "..\\obj\\template.axf" 
Erase Done.
Programming Done.
Verify OK.
Application running ...
bj\template.axf" - 0 Error(s), 5 Warning(s).
Load "..\\obj\\template.axf" 
Erase Done.
Programming Done.
Verify OK.
Application running ...

Program Size: Code=12440 RO-data=268 RW-data=44 ZI-data=1860  
FromELF: creating hex file...
"..\obj\template.axf" - 0 Error(s), 6 Warning(s).
Load "..\\obj\\template.axf" 
Erase Done.
Programming Done.
Verify OK.
Application running ...
