<html>
<body>
<pre>
<h1>µVision Build Log</h1>
<h2>Project:</h2>
E:\baidu\Work\Medicine Box\Programs\MoterDriver_STM32\Project\Pro\template.uvproj
Project File Date:  11/08/2014

<h2>Output:</h2>
Build target 'template'
compiling stm32_config.c...
compiling stm32f10x_it.c...
linking...
Program Size: Code=12876 RO-data=268 RW-data=56 ZI-data=1856  
FromELF: creating hex file...
"..\obj\template.axf" - 0 Error(s), 0 Warning(s).
Load "..\\obj\\template.axf" 
Erase Done.
Programming Done.
Verify OK.
Application running ...
</pre>
</body>
</html>

FromELF: creating hex file...
"..\obj\template.axf" - 0 Error(s), 1 Warning(s).
Load "..\\obj\\template.axf" 
Erase Done.
Programming Done.
Verify OK.
Application running ...
K.
Application running ...
